<?xml version="1.0" encoding="utf-8"?>
<TestRun id="98d740f0-d995-4040-8380-b6514c830d3c" name="Dell - SMBS@DESKTOP-MC1TQ5U 2025-05-22 11:24:50" runUser="DESKTOP-MC1TQ5U\Dell - SMBS" xmlns="http://microsoft.com/schemas/VisualStudio/TeamTest/2010">
  <Times creation="2025-05-22T11:24:50.8634723-06:00" queuing="2025-05-22T11:24:50.8634727-06:00" start="2025-05-22T11:24:47.5138319-06:00" finish="2025-05-22T11:24:51.0955573-06:00" />
  <TestSettings name="default" id="e95e5216-1d76-499a-92d1-2c28e89b37c3">
    <Deployment runDeploymentRoot="Dell_-_SMBS_DESKTOP-MC1TQ5U_2025-05-22_11_24_50" />
  </TestSettings>
  <Results>
    <UnitTestResult executionId="68b4a207-404a-4be0-a970-172482a86aa5" testId="8298caa1-8aa1-727e-2766-5f39f15fc8d8" testName="EventsManagementApp.Tests.Controllers.OrganizerControllerTests.Update_ExistingId_ReturnsNoContent" computerName="DESKTOP-MC1TQ5U" duration="00:00:00.0065772" startTime="2025-05-22T11:24:50.8126112-06:00" endTime="2025-05-22T11:24:50.8126114-06:00" testType="13cdc9d9-ddb5-4fa4-a97d-d965ccfc6d4b" outcome="Passed" testListId="8c84fa94-04c1-424b-9868-57a2d4851a1d" relativeResultsDirectory="68b4a207-404a-4be0-a970-172482a86aa5" />
    <UnitTestResult executionId="73694061-35ce-47f3-8477-0186d7a8aa20" testId="c9ebf06e-2229-6558-3f2f-f6f8d8646f1b" testName="EventsManagementApp.Tests.Controllers.SponsorControllerTests.Add_ValidSponsorDto_ReturnsCreatedAtActionResult" computerName="DESKTOP-MC1TQ5U" duration="00:00:00.2678165" startTime="2025-05-22T11:24:50.7298608-06:00" endTime="2025-05-22T11:24:50.7298610-06:00" testType="13cdc9d9-ddb5-4fa4-a97d-d965ccfc6d4b" outcome="Passed" testListId="8c84fa94-04c1-424b-9868-57a2d4851a1d" relativeResultsDirectory="73694061-35ce-47f3-8477-0186d7a8aa20" />
    <UnitTestResult executionId="8ce5ed66-0677-4106-9eb5-faa1e19d3d02" testId="5a99e877-579a-cf9a-387c-0cb10e35d284" testName="EventsManagementApp.Tests.Controllers.RegistrationControllerTests.Delete_ReturnsOk_WhenDeleteIsSuccessful" computerName="DESKTOP-MC1TQ5U" duration="00:00:00.0032465" startTime="2025-05-22T11:24:50.8152018-06:00" endTime="2025-05-22T11:24:50.8152019-06:00" testType="13cdc9d9-ddb5-4fa4-a97d-d965ccfc6d4b" outcome="Passed" testListId="8c84fa94-04c1-424b-9868-57a2d4851a1d" relativeResultsDirectory="8ce5ed66-0677-4106-9eb5-faa1e19d3d02" />
    <UnitTestResult executionId="d46a8391-d71a-4e41-8a70-7b22ac9481c7" testId="399ec6fa-f1f8-3b41-2397-2b064c701cec" testName="EventsManagementApp.Tests.Controllers.SponsorControllerTests.GetAll_ReturnsOkResultWithSponsors" computerName="DESKTOP-MC1TQ5U" duration="00:00:00.0123857" startTime="2025-05-22T11:24:50.8104764-06:00" endTime="2025-05-22T11:24:50.8104765-06:00" testType="13cdc9d9-ddb5-4fa4-a97d-d965ccfc6d4b" outcome="Passed" testListId="8c84fa94-04c1-424b-9868-57a2d4851a1d" relativeResultsDirectory="d46a8391-d71a-4e41-8a70-7b22ac9481c7" />
    <UnitTestResult executionId="f69d7ead-1de0-477c-9a69-56cd32fa04eb" testId="7a3aa101-2933-cabc-9dcc-e1fca5e58a30" testName="EventsManagementApp.Tests.Controllers.ParticipantControllerTests.Get_WithInvalidId_ReturnsNull" computerName="DESKTOP-MC1TQ5U" duration="00:00:00.0034358" startTime="2025-05-22T11:24:50.8203133-06:00" endTime="2025-05-22T11:24:50.8203135-06:00" testType="13cdc9d9-ddb5-4fa4-a97d-d965ccfc6d4b" outcome="Passed" testListId="8c84fa94-04c1-424b-9868-57a2d4851a1d" relativeResultsDirectory="f69d7ead-1de0-477c-9a69-56cd32fa04eb" />
    <UnitTestResult executionId="5d7d2a40-fc76-4d38-9e9c-a5eb500ed082" testId="71138d34-e1c6-b6ff-bb2d-ebf0705a8816" testName="EventsManagementApp.Tests.Controllers.SponsorControllerTests.GetById_NonExistingId_ReturnsNotFound" computerName="DESKTOP-MC1TQ5U" duration="00:00:00.0026713" startTime="2025-05-22T11:24:50.8012744-06:00" endTime="2025-05-22T11:24:50.8012747-06:00" testType="13cdc9d9-ddb5-4fa4-a97d-d965ccfc6d4b" outcome="Passed" testListId="8c84fa94-04c1-424b-9868-57a2d4851a1d" relativeResultsDirectory="5d7d2a40-fc76-4d38-9e9c-a5eb500ed082" />
    <UnitTestResult executionId="81a81d1f-7da3-4667-9887-25aa7fae8c93" testId="af04c067-e431-0a87-cbd9-856c6e9439f8" testName="EventsManagementApp.Tests.Controllers.RegistrationControllerTests.Post_ReturnsBadRequest_WhenEventNotFound" computerName="DESKTOP-MC1TQ5U" duration="00:00:00.0048636" startTime="2025-05-22T11:24:50.8192165-06:00" endTime="2025-05-22T11:24:50.8192167-06:00" testType="13cdc9d9-ddb5-4fa4-a97d-d965ccfc6d4b" outcome="Passed" testListId="8c84fa94-04c1-424b-9868-57a2d4851a1d" relativeResultsDirectory="81a81d1f-7da3-4667-9887-25aa7fae8c93" />
    <UnitTestResult executionId="36be1f70-7cea-4ff4-9460-afaa2152a8c7" testId="02749eac-f79a-9458-1ab3-cd69446a914a" testName="EventsManagementApp.Tests.Controllers.SponsorControllerTests.Update_NonExistingId_CallsRepositoryButDoesNotUpdate" computerName="DESKTOP-MC1TQ5U" duration="00:00:00.0066250" startTime="2025-05-22T11:24:50.7422952-06:00" endTime="2025-05-22T11:24:50.7422955-06:00" testType="13cdc9d9-ddb5-4fa4-a97d-d965ccfc6d4b" outcome="Passed" testListId="8c84fa94-04c1-424b-9868-57a2d4851a1d" relativeResultsDirectory="36be1f70-7cea-4ff4-9460-afaa2152a8c7" />
    <UnitTestResult executionId="cdc4eccc-4b0b-41e5-b6be-b329b2917327" testId="070bfc86-8e25-1ad5-e1ed-dabac374748f" testName="EventsManagementApp.Tests.Controllers.EventControllerTests.Get_WithInvalidId_ReturnsNull" computerName="DESKTOP-MC1TQ5U" duration="00:00:00.0038180" startTime="2025-05-22T11:24:50.8129055-06:00" endTime="2025-05-22T11:24:50.8129056-06:00" testType="13cdc9d9-ddb5-4fa4-a97d-d965ccfc6d4b" outcome="Passed" testListId="8c84fa94-04c1-424b-9868-57a2d4851a1d" relativeResultsDirectory="cdc4eccc-4b0b-41e5-b6be-b329b2917327" />
    <UnitTestResult executionId="2be72a13-1928-43e9-a331-a17921a23161" testId="336cd36f-b357-bcf6-e95f-17b7bd9b5466" testName="EventsManagementApp.Tests.Controllers.EventControllerTests.Post_WithValidEventDTO_ReturnsOkResult" computerName="DESKTOP-MC1TQ5U" duration="00:00:00.0187593" startTime="2025-05-22T11:24:50.8027201-06:00" endTime="2025-05-22T11:24:50.8027202-06:00" testType="13cdc9d9-ddb5-4fa4-a97d-d965ccfc6d4b" outcome="Passed" testListId="8c84fa94-04c1-424b-9868-57a2d4851a1d" relativeResultsDirectory="2be72a13-1928-43e9-a331-a17921a23161" />
    <UnitTestResult executionId="32efe96b-441e-40a5-92e9-eee80f8e5342" testId="bf2342dc-ebdb-dfe4-1136-77781d335c3c" testName="EventsManagementApp.Tests.Controllers.EventControllerTests.Get_ReturnsAllEvents" computerName="DESKTOP-MC1TQ5U" duration="00:00:00.0046287" startTime="2025-05-22T11:24:50.7405871-06:00" endTime="2025-05-22T11:24:50.7405878-06:00" testType="13cdc9d9-ddb5-4fa4-a97d-d965ccfc6d4b" outcome="Passed" testListId="8c84fa94-04c1-424b-9868-57a2d4851a1d" relativeResultsDirectory="32efe96b-441e-40a5-92e9-eee80f8e5342" />
    <UnitTestResult executionId="67a793a4-ccfe-46a5-8760-c808c15c29fd" testId="68fc4bed-e2a9-48da-0607-4d4ac0ed0232" testName="EventsManagementApp.Tests.Controllers.OrganizerControllerTests.GetById_ExistingId_ReturnsOkResultWithOrganizer" computerName="DESKTOP-MC1TQ5U" duration="00:00:00.0074065" startTime="2025-05-22T11:24:50.8016683-06:00" endTime="2025-05-22T11:24:50.8016684-06:00" testType="13cdc9d9-ddb5-4fa4-a97d-d965ccfc6d4b" outcome="Passed" testListId="8c84fa94-04c1-424b-9868-57a2d4851a1d" relativeResultsDirectory="67a793a4-ccfe-46a5-8760-c808c15c29fd" />
    <UnitTestResult executionId="b4e80fb0-ae2e-4091-bd74-70ff64d18bbc" testId="c8f0fa8c-8b67-7da8-b52f-17be69699b01" testName="EventsManagementApp.Tests.Controllers.RegistrationControllerTests.GetById_ReturnsNotFound_WhenRegistrationDoesNotExist" computerName="DESKTOP-MC1TQ5U" duration="00:00:00.0028222" startTime="2025-05-22T11:24:50.8119971-06:00" endTime="2025-05-22T11:24:50.8119974-06:00" testType="13cdc9d9-ddb5-4fa4-a97d-d965ccfc6d4b" outcome="Passed" testListId="8c84fa94-04c1-424b-9868-57a2d4851a1d" relativeResultsDirectory="b4e80fb0-ae2e-4091-bd74-70ff64d18bbc" />
    <UnitTestResult executionId="186a9a04-196b-45fd-bbe4-e07bac1a6fa6" testId="8b00d577-fa31-e4e5-f7e4-7b8ac13b8542" testName="EventsManagementApp.Tests.Controllers.ParticipantControllerTests.Get_WithValidId_ReturnsParticipant" computerName="DESKTOP-MC1TQ5U" duration="00:00:00.0034414" startTime="2025-05-22T11:24:50.8223306-06:00" endTime="2025-05-22T11:24:50.8223307-06:00" testType="13cdc9d9-ddb5-4fa4-a97d-d965ccfc6d4b" outcome="Passed" testListId="8c84fa94-04c1-424b-9868-57a2d4851a1d" relativeResultsDirectory="186a9a04-196b-45fd-bbe4-e07bac1a6fa6" />
    <UnitTestResult executionId="64c232a7-651e-4320-8c02-6eda5b410742" testId="be33d259-e7f8-e0cb-f5b0-a00d320e3e76" testName="EventsManagementApp.Tests.Controllers.SponsorControllerTests.Update_ExistingId_ReturnsNoContent" computerName="DESKTOP-MC1TQ5U" duration="00:00:00.0060341" startTime="2025-05-22T11:24:50.8052335-06:00" endTime="2025-05-22T11:24:50.8052338-06:00" testType="13cdc9d9-ddb5-4fa4-a97d-d965ccfc6d4b" outcome="Passed" testListId="8c84fa94-04c1-424b-9868-57a2d4851a1d" relativeResultsDirectory="64c232a7-651e-4320-8c02-6eda5b410742" />
    <UnitTestResult executionId="a9584299-47e8-488e-bcf9-ee00663189e2" testId="45f34452-5148-a236-a62d-722b8900985d" testName="EventsManagementApp.Tests.Controllers.EventControllerTests.Put_WithInvalidId_DoesNotUpdateAndReturnsOk" computerName="DESKTOP-MC1TQ5U" duration="00:00:00.0065751" startTime="2025-05-22T11:24:50.8143380-06:00" endTime="2025-05-22T11:24:50.8143382-06:00" testType="13cdc9d9-ddb5-4fa4-a97d-d965ccfc6d4b" outcome="Passed" testListId="8c84fa94-04c1-424b-9868-57a2d4851a1d" relativeResultsDirectory="a9584299-47e8-488e-bcf9-ee00663189e2" />
    <UnitTestResult executionId="a3191193-7054-4e74-ac0a-95c0c153a3c0" testId="420fdbde-7071-3f54-fa63-5c67af14324c" testName="EventsManagementApp.Tests.Controllers.RegistrationControllerTests.Put_ReturnsOk_WhenUpdateIsSuccessful" computerName="DESKTOP-MC1TQ5U" duration="00:00:00.0095494" startTime="2025-05-22T11:24:50.8137910-06:00" endTime="2025-05-22T11:24:50.8137912-06:00" testType="13cdc9d9-ddb5-4fa4-a97d-d965ccfc6d4b" outcome="Passed" testListId="8c84fa94-04c1-424b-9868-57a2d4851a1d" relativeResultsDirectory="a3191193-7054-4e74-ac0a-95c0c153a3c0" />
    <UnitTestResult executionId="5fa3d186-b680-45c7-a23c-15f3a4facb66" testId="bd0def7d-0888-421e-e7ba-f528c8be04e1" testName="EventsManagementApp.Tests.Controllers.OrganizerControllerTests.GetAll_ReturnsOkResultWithOrganizers" computerName="DESKTOP-MC1TQ5U" duration="00:00:00.0092694" startTime="2025-05-22T11:24:50.8030869-06:00" endTime="2025-05-22T11:24:50.8030870-06:00" testType="13cdc9d9-ddb5-4fa4-a97d-d965ccfc6d4b" outcome="Passed" testListId="8c84fa94-04c1-424b-9868-57a2d4851a1d" relativeResultsDirectory="5fa3d186-b680-45c7-a23c-15f3a4facb66" />
    <UnitTestResult executionId="12a688b2-9c0c-49cf-b879-535ff6e2d609" testId="c4e4369e-20dc-0c6f-1237-c1ef80a84515" testName="EventsManagementApp.Tests.Controllers.OrganizerControllerTests.Update_NonExistingId_CallsRepositoryButDoesNotUpdate" computerName="DESKTOP-MC1TQ5U" duration="00:00:00.2627279" startTime="2025-05-22T11:24:50.7007213-06:00" endTime="2025-05-22T11:24:50.7007749-06:00" testType="13cdc9d9-ddb5-4fa4-a97d-d965ccfc6d4b" outcome="Passed" testListId="8c84fa94-04c1-424b-9868-57a2d4851a1d" relativeResultsDirectory="12a688b2-9c0c-49cf-b879-535ff6e2d609" />
    <UnitTestResult executionId="dbd86e38-878b-48e1-97a4-3cd4c28baab8" testId="8dbfa0d7-73ba-a0d4-8db4-bd05fdd9cb88" testName="EventsManagementApp.Tests.Controllers.OrganizerControllerTests.Delete_ExistingId_ReturnsNoContent" computerName="DESKTOP-MC1TQ5U" duration="00:00:00.0063019" startTime="2025-05-22T11:24:50.8055896-06:00" endTime="2025-05-22T11:24:50.8055896-06:00" testType="13cdc9d9-ddb5-4fa4-a97d-d965ccfc6d4b" outcome="Passed" testListId="8c84fa94-04c1-424b-9868-57a2d4851a1d" relativeResultsDirectory="dbd86e38-878b-48e1-97a4-3cd4c28baab8" />
    <UnitTestResult executionId="b6db3d11-56a9-4d37-98a3-4af69725c42f" testId="2efd06d4-10f6-4aa9-5ca2-678a1956b560" testName="EventsManagementApp.Tests.Controllers.EventControllerTests.Put_WithValidIdAndEventDTO_ReturnsOkResult" computerName="DESKTOP-MC1TQ5U" duration="00:00:00.2756828" startTime="2025-05-22T11:24:50.7385614-06:00" endTime="2025-05-22T11:24:50.7385617-06:00" testType="13cdc9d9-ddb5-4fa4-a97d-d965ccfc6d4b" outcome="Passed" testListId="8c84fa94-04c1-424b-9868-57a2d4851a1d" relativeResultsDirectory="b6db3d11-56a9-4d37-98a3-4af69725c42f" />
    <UnitTestResult executionId="1089f213-fb80-43cf-a4cd-65074b13f4f1" testId="52444991-151a-99d9-89c0-bb8aadc2e204" testName="EventsManagementApp.Tests.Controllers.RegistrationControllerTests.Post_ReturnsBadRequest_WhenEventIsFull" computerName="DESKTOP-MC1TQ5U" duration="00:00:00.0066382" startTime="2025-05-22T11:24:50.8181278-06:00" endTime="2025-05-22T11:24:50.8181279-06:00" testType="13cdc9d9-ddb5-4fa4-a97d-d965ccfc6d4b" outcome="Passed" testListId="8c84fa94-04c1-424b-9868-57a2d4851a1d" relativeResultsDirectory="1089f213-fb80-43cf-a4cd-65074b13f4f1" />
    <UnitTestResult executionId="ae16875a-f187-44e7-9a8f-d09edacd175c" testId="4da1a2a1-3897-4dc7-4d7b-e5e03eca8d35" testName="EventsManagementApp.Tests.Controllers.ParticipantControllerTests.Delete_WithValidId_ReturnsOk" computerName="DESKTOP-MC1TQ5U" duration="00:00:00.0063105" startTime="2025-05-22T11:24:50.8148823-06:00" endTime="2025-05-22T11:24:50.8148825-06:00" testType="13cdc9d9-ddb5-4fa4-a97d-d965ccfc6d4b" outcome="Passed" testListId="8c84fa94-04c1-424b-9868-57a2d4851a1d" relativeResultsDirectory="ae16875a-f187-44e7-9a8f-d09edacd175c" />
    <UnitTestResult executionId="90e41cad-64bd-480d-aa6d-6189725dce9b" testId="20a135f2-4324-091e-981f-aef8b0a36cec" testName="EventsManagementApp.Tests.Controllers.ParticipantControllerTests.Get_ReturnsAllParticipants" computerName="DESKTOP-MC1TQ5U" duration="00:00:00.0052344" startTime="2025-05-22T11:24:50.8170174-06:00" endTime="2025-05-22T11:24:50.8170175-06:00" testType="13cdc9d9-ddb5-4fa4-a97d-d965ccfc6d4b" outcome="Passed" testListId="8c84fa94-04c1-424b-9868-57a2d4851a1d" relativeResultsDirectory="90e41cad-64bd-480d-aa6d-6189725dce9b" />
    <UnitTestResult executionId="25ee75e0-8996-4dc8-a143-b6cf9ba06cfe" testId="e21db6fc-2d5f-b80b-fe1e-688f46cb6283" testName="EventsManagementApp.Tests.Controllers.RegistrationControllerTests.Post_ReturnsBadRequest_WhenParticipantNotFound" computerName="DESKTOP-MC1TQ5U" duration="00:00:00.0057021" startTime="2025-05-22T11:24:50.8175860-06:00" endTime="2025-05-22T11:24:50.8175862-06:00" testType="13cdc9d9-ddb5-4fa4-a97d-d965ccfc6d4b" outcome="Passed" testListId="8c84fa94-04c1-424b-9868-57a2d4851a1d" relativeResultsDirectory="25ee75e0-8996-4dc8-a143-b6cf9ba06cfe" />
    <UnitTestResult executionId="f539da32-df4f-4615-a843-0a3dfdd8a9c4" testId="b81298cb-b205-3dde-e7fa-9f66031bd1b0" testName="EventsManagementApp.Tests.Controllers.OrganizerControllerTests.Add_ValidOrganizerDto_ReturnsCreatedAtActionResult" computerName="DESKTOP-MC1TQ5U" duration="00:00:00.0079630" startTime="2025-05-22T11:24:50.8005645-06:00" endTime="2025-05-22T11:24:50.8005646-06:00" testType="13cdc9d9-ddb5-4fa4-a97d-d965ccfc6d4b" outcome="Passed" testListId="8c84fa94-04c1-424b-9868-57a2d4851a1d" relativeResultsDirectory="f539da32-df4f-4615-a843-0a3dfdd8a9c4" />
    <UnitTestResult executionId="f226c997-9a33-4243-9a98-18515645f592" testId="f0c24436-4745-4eb9-f3c0-b8ae845e5e9a" testName="EventsManagementApp.Tests.Controllers.ParticipantControllerTests.Post_WithValidParticipant_ReturnsOk" computerName="DESKTOP-MC1TQ5U" duration="00:00:00.0026215" startTime="2025-05-22T11:24:50.8197542-06:00" endTime="2025-05-22T11:24:50.8197544-06:00" testType="13cdc9d9-ddb5-4fa4-a97d-d965ccfc6d4b" outcome="Passed" testListId="8c84fa94-04c1-424b-9868-57a2d4851a1d" relativeResultsDirectory="f226c997-9a33-4243-9a98-18515645f592" />
    <UnitTestResult executionId="0dd636ec-2f93-4603-973b-8a3945b24b6c" testId="39f071a2-27c0-2713-1118-8e5f652473eb" testName="EventsManagementApp.Tests.Controllers.SponsorControllerTests.Delete_ExistingId_ReturnsNoContent" computerName="DESKTOP-MC1TQ5U" duration="00:00:00.0067784" startTime="2025-05-22T11:24:50.8020287-06:00" endTime="2025-05-22T11:24:50.8020288-06:00" testType="13cdc9d9-ddb5-4fa4-a97d-d965ccfc6d4b" outcome="Passed" testListId="8c84fa94-04c1-424b-9868-57a2d4851a1d" relativeResultsDirectory="0dd636ec-2f93-4603-973b-8a3945b24b6c" />
    <UnitTestResult executionId="c7e34b7b-e0a9-455d-9952-27bb6074c710" testId="a4f87095-1a9c-6be4-7e0c-50391fbde613" testName="EventsManagementApp.Tests.Controllers.RegistrationControllerTests.Post_ReturnsOk_WhenRegistrationIsSuccessful" computerName="DESKTOP-MC1TQ5U" duration="00:00:00.0075856" startTime="2025-05-22T11:24:50.8216202-06:00" endTime="2025-05-22T11:24:50.8216204-06:00" testType="13cdc9d9-ddb5-4fa4-a97d-d965ccfc6d4b" outcome="Passed" testListId="8c84fa94-04c1-424b-9868-57a2d4851a1d" relativeResultsDirectory="c7e34b7b-e0a9-455d-9952-27bb6074c710" />
    <UnitTestResult executionId="169ead0f-26ed-4fdd-b894-df156c26c403" testId="871e76e0-e31e-0e71-0f7e-8a830d9cd6f7" testName="EventsManagementApp.Tests.Controllers.OrganizerControllerTests.GetById_NonExistingId_ReturnsNotFound" computerName="DESKTOP-MC1TQ5U" duration="00:00:00.0026099" startTime="2025-05-22T11:24:50.8091336-06:00" endTime="2025-05-22T11:24:50.8091340-06:00" testType="13cdc9d9-ddb5-4fa4-a97d-d965ccfc6d4b" outcome="Passed" testListId="8c84fa94-04c1-424b-9868-57a2d4851a1d" relativeResultsDirectory="169ead0f-26ed-4fdd-b894-df156c26c403" />
    <UnitTestResult executionId="d1b717a4-d7a9-49a1-bdba-e32a6ca57e75" testId="d597fafd-c798-b8e0-2769-f8584cf17ac1" testName="EventsManagementApp.Tests.Controllers.EventControllerTests.Get_WithValidId_ReturnsEvent" computerName="DESKTOP-MC1TQ5U" duration="00:00:00.0051488" startTime="2025-05-22T11:24:50.8107543-06:00" endTime="2025-05-22T11:24:50.8107545-06:00" testType="13cdc9d9-ddb5-4fa4-a97d-d965ccfc6d4b" outcome="Passed" testListId="8c84fa94-04c1-424b-9868-57a2d4851a1d" relativeResultsDirectory="d1b717a4-d7a9-49a1-bdba-e32a6ca57e75" />
    <UnitTestResult executionId="1d021bfc-83e4-40ce-ad16-a78c1af96428" testId="1dfa2f96-7f29-270d-088c-8dcbbbf719c1" testName="EventsManagementApp.Tests.Controllers.SponsorControllerTests.GetById_ExistingId_ReturnsOkResultWithSponsor" computerName="DESKTOP-MC1TQ5U" duration="00:00:00.0026533" startTime="2025-05-22T11:24:50.8023733-06:00" endTime="2025-05-22T11:24:50.8023734-06:00" testType="13cdc9d9-ddb5-4fa4-a97d-d965ccfc6d4b" outcome="Passed" testListId="8c84fa94-04c1-424b-9868-57a2d4851a1d" relativeResultsDirectory="1d021bfc-83e4-40ce-ad16-a78c1af96428" />
    <UnitTestResult executionId="8a3c5330-20d8-43ff-b48a-9f53046ac3b0" testId="0fd77f3b-2b6d-49e0-ec3b-dcd023d89d82" testName="EventsManagementApp.Tests.Controllers.RegistrationControllerTests.GetById_ReturnsOkWithRegistration_WhenRegistrationExists" computerName="DESKTOP-MC1TQ5U" duration="00:00:00.2740296" startTime="2025-05-22T11:24:50.7333641-06:00" endTime="2025-05-22T11:24:50.7333643-06:00" testType="13cdc9d9-ddb5-4fa4-a97d-d965ccfc6d4b" outcome="Passed" testListId="8c84fa94-04c1-424b-9868-57a2d4851a1d" relativeResultsDirectory="8a3c5330-20d8-43ff-b48a-9f53046ac3b0" />
    <UnitTestResult executionId="aa4a8240-da39-4d16-81b0-368f2345bd0d" testId="531d916d-f5ec-2934-da79-e23bb4f57469" testName="EventsManagementApp.Tests.Controllers.ParticipantControllerTests.Put_WithValidIdAndParticipant_ReturnsOk" computerName="DESKTOP-MC1TQ5U" duration="00:00:00.0096148" startTime="2025-05-22T11:24:50.8186716-06:00" endTime="2025-05-22T11:24:50.8186717-06:00" testType="13cdc9d9-ddb5-4fa4-a97d-d965ccfc6d4b" outcome="Passed" testListId="8c84fa94-04c1-424b-9868-57a2d4851a1d" relativeResultsDirectory="aa4a8240-da39-4d16-81b0-368f2345bd0d" />
    <UnitTestResult executionId="b9fa7cd6-e7c4-4572-a35e-e28ef9fc746d" testId="1823ed81-80ad-d829-3724-846c00163d44" testName="EventsManagementApp.Tests.Controllers.ParticipantControllerTests.Put_WithInvalidId_DoesNotUpdate" computerName="DESKTOP-MC1TQ5U" duration="00:00:00.0052952" startTime="2025-05-22T11:24:50.8219949-06:00" endTime="2025-05-22T11:24:50.8219949-06:00" testType="13cdc9d9-ddb5-4fa4-a97d-d965ccfc6d4b" outcome="Passed" testListId="8c84fa94-04c1-424b-9868-57a2d4851a1d" relativeResultsDirectory="b9fa7cd6-e7c4-4572-a35e-e28ef9fc746d" />
    <UnitTestResult executionId="43b12c09-a0ea-41a4-ba8f-20b5c8f4fbe3" testId="1ab29eaa-b35a-99c9-ddcb-9cf87aa1b791" testName="EventsManagementApp.Tests.Controllers.EventControllerTests.Delete_WithInvalidId_StillReturnsOkResult" computerName="DESKTOP-MC1TQ5U" duration="00:00:00.0081543" startTime="2025-05-22T11:24:50.8082000-06:00" endTime="2025-05-22T11:24:50.8082003-06:00" testType="13cdc9d9-ddb5-4fa4-a97d-d965ccfc6d4b" outcome="Passed" testListId="8c84fa94-04c1-424b-9868-57a2d4851a1d" relativeResultsDirectory="43b12c09-a0ea-41a4-ba8f-20b5c8f4fbe3" />
    <UnitTestResult executionId="808484a0-adf6-4aa9-b825-d11552784168" testId="3ba0db66-7aa2-0c62-2933-0e28522b3eb3" testName="EventsManagementApp.Tests.Controllers.EventControllerTests.Delete_WithValidId_ReturnsOkResult" computerName="DESKTOP-MC1TQ5U" duration="00:00:00.0040573" startTime="2025-05-22T11:24:50.8166300-06:00" endTime="2025-05-22T11:24:50.8166303-06:00" testType="13cdc9d9-ddb5-4fa4-a97d-d965ccfc6d4b" outcome="Passed" testListId="8c84fa94-04c1-424b-9868-57a2d4851a1d" relativeResultsDirectory="808484a0-adf6-4aa9-b825-d11552784168" />
    <UnitTestResult executionId="7b713bb0-fdf7-491b-9a52-2cb3b01b7700" testId="e65d17ae-97fe-61e3-5e2b-0a1a0bac20a1" testName="EventsManagementApp.Tests.Controllers.RegistrationControllerTests.Get_ReturnsAllRegistrations_WhenSuccessful" computerName="DESKTOP-MC1TQ5U" duration="00:00:00.0352513" startTime="2025-05-22T11:24:50.8098641-06:00" endTime="2025-05-22T11:24:50.8098645-06:00" testType="13cdc9d9-ddb5-4fa4-a97d-d965ccfc6d4b" outcome="Passed" testListId="8c84fa94-04c1-424b-9868-57a2d4851a1d" relativeResultsDirectory="7b713bb0-fdf7-491b-9a52-2cb3b01b7700" />
  </Results>
  <TestDefinitions>
    <UnitTest name="EventsManagementApp.Tests.Controllers.ParticipantControllerTests.Get_WithInvalidId_ReturnsNull" storage="c:\users\dell - smbs\documents\work\1-sistemas\eventsmanagementstests\eventsmanagementsapp.test\bin\debug\net8.0\eventsmanagementsapp.test.dll" id="7a3aa101-2933-cabc-9dcc-e1fca5e58a30">
      <Execution id="f69d7ead-1de0-477c-9a69-56cd32fa04eb" />
      <TestMethod codeBase="C:\Users\Dell - SMBS\Documents\Work\1-sistemas\EventsManagementsTests\EventsManagementsApp.Test\bin\Debug\net8.0\EventsManagementsApp.Test.dll" adapterTypeName="executor://xunit/VsTestRunner2/netcoreapp" className="EventsManagementApp.Tests.Controllers.ParticipantControllerTests" name="Get_WithInvalidId_ReturnsNull" />
    </UnitTest>
    <UnitTest name="EventsManagementApp.Tests.Controllers.EventControllerTests.Delete_WithValidId_ReturnsOkResult" storage="c:\users\dell - smbs\documents\work\1-sistemas\eventsmanagementstests\eventsmanagementsapp.test\bin\debug\net8.0\eventsmanagementsapp.test.dll" id="3ba0db66-7aa2-0c62-2933-0e28522b3eb3">
      <Execution id="808484a0-adf6-4aa9-b825-d11552784168" />
      <TestMethod codeBase="C:\Users\Dell - SMBS\Documents\Work\1-sistemas\EventsManagementsTests\EventsManagementsApp.Test\bin\Debug\net8.0\EventsManagementsApp.Test.dll" adapterTypeName="executor://xunit/VsTestRunner2/netcoreapp" className="EventsManagementApp.Tests.Controllers.EventControllerTests" name="Delete_WithValidId_ReturnsOkResult" />
    </UnitTest>
    <UnitTest name="EventsManagementApp.Tests.Controllers.OrganizerControllerTests.Update_NonExistingId_CallsRepositoryButDoesNotUpdate" storage="c:\users\dell - smbs\documents\work\1-sistemas\eventsmanagementstests\eventsmanagementsapp.test\bin\debug\net8.0\eventsmanagementsapp.test.dll" id="c4e4369e-20dc-0c6f-1237-c1ef80a84515">
      <Execution id="12a688b2-9c0c-49cf-b879-535ff6e2d609" />
      <TestMethod codeBase="C:\Users\Dell - SMBS\Documents\Work\1-sistemas\EventsManagementsTests\EventsManagementsApp.Test\bin\Debug\net8.0\EventsManagementsApp.Test.dll" adapterTypeName="executor://xunit/VsTestRunner2/netcoreapp" className="EventsManagementApp.Tests.Controllers.OrganizerControllerTests" name="Update_NonExistingId_CallsRepositoryButDoesNotUpdate" />
    </UnitTest>
    <UnitTest name="EventsManagementApp.Tests.Controllers.ParticipantControllerTests.Delete_WithValidId_ReturnsOk" storage="c:\users\dell - smbs\documents\work\1-sistemas\eventsmanagementstests\eventsmanagementsapp.test\bin\debug\net8.0\eventsmanagementsapp.test.dll" id="4da1a2a1-3897-4dc7-4d7b-e5e03eca8d35">
      <Execution id="ae16875a-f187-44e7-9a8f-d09edacd175c" />
      <TestMethod codeBase="C:\Users\Dell - SMBS\Documents\Work\1-sistemas\EventsManagementsTests\EventsManagementsApp.Test\bin\Debug\net8.0\EventsManagementsApp.Test.dll" adapterTypeName="executor://xunit/VsTestRunner2/netcoreapp" className="EventsManagementApp.Tests.Controllers.ParticipantControllerTests" name="Delete_WithValidId_ReturnsOk" />
    </UnitTest>
    <UnitTest name="EventsManagementApp.Tests.Controllers.OrganizerControllerTests.GetAll_ReturnsOkResultWithOrganizers" storage="c:\users\dell - smbs\documents\work\1-sistemas\eventsmanagementstests\eventsmanagementsapp.test\bin\debug\net8.0\eventsmanagementsapp.test.dll" id="bd0def7d-0888-421e-e7ba-f528c8be04e1">
      <Execution id="5fa3d186-b680-45c7-a23c-15f3a4facb66" />
      <TestMethod codeBase="C:\Users\Dell - SMBS\Documents\Work\1-sistemas\EventsManagementsTests\EventsManagementsApp.Test\bin\Debug\net8.0\EventsManagementsApp.Test.dll" adapterTypeName="executor://xunit/VsTestRunner2/netcoreapp" className="EventsManagementApp.Tests.Controllers.OrganizerControllerTests" name="GetAll_ReturnsOkResultWithOrganizers" />
    </UnitTest>
    <UnitTest name="EventsManagementApp.Tests.Controllers.EventControllerTests.Put_WithInvalidId_DoesNotUpdateAndReturnsOk" storage="c:\users\dell - smbs\documents\work\1-sistemas\eventsmanagementstests\eventsmanagementsapp.test\bin\debug\net8.0\eventsmanagementsapp.test.dll" id="45f34452-5148-a236-a62d-722b8900985d">
      <Execution id="a9584299-47e8-488e-bcf9-ee00663189e2" />
      <TestMethod codeBase="C:\Users\Dell - SMBS\Documents\Work\1-sistemas\EventsManagementsTests\EventsManagementsApp.Test\bin\Debug\net8.0\EventsManagementsApp.Test.dll" adapterTypeName="executor://xunit/VsTestRunner2/netcoreapp" className="EventsManagementApp.Tests.Controllers.EventControllerTests" name="Put_WithInvalidId_DoesNotUpdateAndReturnsOk" />
    </UnitTest>
    <UnitTest name="EventsManagementApp.Tests.Controllers.RegistrationControllerTests.Get_ReturnsAllRegistrations_WhenSuccessful" storage="c:\users\dell - smbs\documents\work\1-sistemas\eventsmanagementstests\eventsmanagementsapp.test\bin\debug\net8.0\eventsmanagementsapp.test.dll" id="e65d17ae-97fe-61e3-5e2b-0a1a0bac20a1">
      <Execution id="7b713bb0-fdf7-491b-9a52-2cb3b01b7700" />
      <TestMethod codeBase="C:\Users\Dell - SMBS\Documents\Work\1-sistemas\EventsManagementsTests\EventsManagementsApp.Test\bin\Debug\net8.0\EventsManagementsApp.Test.dll" adapterTypeName="executor://xunit/VsTestRunner2/netcoreapp" className="EventsManagementApp.Tests.Controllers.RegistrationControllerTests" name="Get_ReturnsAllRegistrations_WhenSuccessful" />
    </UnitTest>
    <UnitTest name="EventsManagementApp.Tests.Controllers.EventControllerTests.Post_WithValidEventDTO_ReturnsOkResult" storage="c:\users\dell - smbs\documents\work\1-sistemas\eventsmanagementstests\eventsmanagementsapp.test\bin\debug\net8.0\eventsmanagementsapp.test.dll" id="336cd36f-b357-bcf6-e95f-17b7bd9b5466">
      <Execution id="2be72a13-1928-43e9-a331-a17921a23161" />
      <TestMethod codeBase="C:\Users\Dell - SMBS\Documents\Work\1-sistemas\EventsManagementsTests\EventsManagementsApp.Test\bin\Debug\net8.0\EventsManagementsApp.Test.dll" adapterTypeName="executor://xunit/VsTestRunner2/netcoreapp" className="EventsManagementApp.Tests.Controllers.EventControllerTests" name="Post_WithValidEventDTO_ReturnsOkResult" />
    </UnitTest>
    <UnitTest name="EventsManagementApp.Tests.Controllers.SponsorControllerTests.GetById_NonExistingId_ReturnsNotFound" storage="c:\users\dell - smbs\documents\work\1-sistemas\eventsmanagementstests\eventsmanagementsapp.test\bin\debug\net8.0\eventsmanagementsapp.test.dll" id="71138d34-e1c6-b6ff-bb2d-ebf0705a8816">
      <Execution id="5d7d2a40-fc76-4d38-9e9c-a5eb500ed082" />
      <TestMethod codeBase="C:\Users\Dell - SMBS\Documents\Work\1-sistemas\EventsManagementsTests\EventsManagementsApp.Test\bin\Debug\net8.0\EventsManagementsApp.Test.dll" adapterTypeName="executor://xunit/VsTestRunner2/netcoreapp" className="EventsManagementApp.Tests.Controllers.SponsorControllerTests" name="GetById_NonExistingId_ReturnsNotFound" />
    </UnitTest>
    <UnitTest name="EventsManagementApp.Tests.Controllers.ParticipantControllerTests.Post_WithValidParticipant_ReturnsOk" storage="c:\users\dell - smbs\documents\work\1-sistemas\eventsmanagementstests\eventsmanagementsapp.test\bin\debug\net8.0\eventsmanagementsapp.test.dll" id="f0c24436-4745-4eb9-f3c0-b8ae845e5e9a">
      <Execution id="f226c997-9a33-4243-9a98-18515645f592" />
      <TestMethod codeBase="C:\Users\Dell - SMBS\Documents\Work\1-sistemas\EventsManagementsTests\EventsManagementsApp.Test\bin\Debug\net8.0\EventsManagementsApp.Test.dll" adapterTypeName="executor://xunit/VsTestRunner2/netcoreapp" className="EventsManagementApp.Tests.Controllers.ParticipantControllerTests" name="Post_WithValidParticipant_ReturnsOk" />
    </UnitTest>
    <UnitTest name="EventsManagementApp.Tests.Controllers.SponsorControllerTests.Update_ExistingId_ReturnsNoContent" storage="c:\users\dell - smbs\documents\work\1-sistemas\eventsmanagementstests\eventsmanagementsapp.test\bin\debug\net8.0\eventsmanagementsapp.test.dll" id="be33d259-e7f8-e0cb-f5b0-a00d320e3e76">
      <Execution id="64c232a7-651e-4320-8c02-6eda5b410742" />
      <TestMethod codeBase="C:\Users\Dell - SMBS\Documents\Work\1-sistemas\EventsManagementsTests\EventsManagementsApp.Test\bin\Debug\net8.0\EventsManagementsApp.Test.dll" adapterTypeName="executor://xunit/VsTestRunner2/netcoreapp" className="EventsManagementApp.Tests.Controllers.SponsorControllerTests" name="Update_ExistingId_ReturnsNoContent" />
    </UnitTest>
    <UnitTest name="EventsManagementApp.Tests.Controllers.EventControllerTests.Get_ReturnsAllEvents" storage="c:\users\dell - smbs\documents\work\1-sistemas\eventsmanagementstests\eventsmanagementsapp.test\bin\debug\net8.0\eventsmanagementsapp.test.dll" id="bf2342dc-ebdb-dfe4-1136-77781d335c3c">
      <Execution id="32efe96b-441e-40a5-92e9-eee80f8e5342" />
      <TestMethod codeBase="C:\Users\Dell - SMBS\Documents\Work\1-sistemas\EventsManagementsTests\EventsManagementsApp.Test\bin\Debug\net8.0\EventsManagementsApp.Test.dll" adapterTypeName="executor://xunit/VsTestRunner2/netcoreapp" className="EventsManagementApp.Tests.Controllers.EventControllerTests" name="Get_ReturnsAllEvents" />
    </UnitTest>
    <UnitTest name="EventsManagementApp.Tests.Controllers.ParticipantControllerTests.Put_WithInvalidId_DoesNotUpdate" storage="c:\users\dell - smbs\documents\work\1-sistemas\eventsmanagementstests\eventsmanagementsapp.test\bin\debug\net8.0\eventsmanagementsapp.test.dll" id="1823ed81-80ad-d829-3724-846c00163d44">
      <Execution id="b9fa7cd6-e7c4-4572-a35e-e28ef9fc746d" />
      <TestMethod codeBase="C:\Users\Dell - SMBS\Documents\Work\1-sistemas\EventsManagementsTests\EventsManagementsApp.Test\bin\Debug\net8.0\EventsManagementsApp.Test.dll" adapterTypeName="executor://xunit/VsTestRunner2/netcoreapp" className="EventsManagementApp.Tests.Controllers.ParticipantControllerTests" name="Put_WithInvalidId_DoesNotUpdate" />
    </UnitTest>
    <UnitTest name="EventsManagementApp.Tests.Controllers.SponsorControllerTests.GetAll_ReturnsOkResultWithSponsors" storage="c:\users\dell - smbs\documents\work\1-sistemas\eventsmanagementstests\eventsmanagementsapp.test\bin\debug\net8.0\eventsmanagementsapp.test.dll" id="399ec6fa-f1f8-3b41-2397-2b064c701cec">
      <Execution id="d46a8391-d71a-4e41-8a70-7b22ac9481c7" />
      <TestMethod codeBase="C:\Users\Dell - SMBS\Documents\Work\1-sistemas\EventsManagementsTests\EventsManagementsApp.Test\bin\Debug\net8.0\EventsManagementsApp.Test.dll" adapterTypeName="executor://xunit/VsTestRunner2/netcoreapp" className="EventsManagementApp.Tests.Controllers.SponsorControllerTests" name="GetAll_ReturnsOkResultWithSponsors" />
    </UnitTest>
    <UnitTest name="EventsManagementApp.Tests.Controllers.RegistrationControllerTests.GetById_ReturnsOkWithRegistration_WhenRegistrationExists" storage="c:\users\dell - smbs\documents\work\1-sistemas\eventsmanagementstests\eventsmanagementsapp.test\bin\debug\net8.0\eventsmanagementsapp.test.dll" id="0fd77f3b-2b6d-49e0-ec3b-dcd023d89d82">
      <Execution id="8a3c5330-20d8-43ff-b48a-9f53046ac3b0" />
      <TestMethod codeBase="C:\Users\Dell - SMBS\Documents\Work\1-sistemas\EventsManagementsTests\EventsManagementsApp.Test\bin\Debug\net8.0\EventsManagementsApp.Test.dll" adapterTypeName="executor://xunit/VsTestRunner2/netcoreapp" className="EventsManagementApp.Tests.Controllers.RegistrationControllerTests" name="GetById_ReturnsOkWithRegistration_WhenRegistrationExists" />
    </UnitTest>
    <UnitTest name="EventsManagementApp.Tests.Controllers.OrganizerControllerTests.Delete_ExistingId_ReturnsNoContent" storage="c:\users\dell - smbs\documents\work\1-sistemas\eventsmanagementstests\eventsmanagementsapp.test\bin\debug\net8.0\eventsmanagementsapp.test.dll" id="8dbfa0d7-73ba-a0d4-8db4-bd05fdd9cb88">
      <Execution id="dbd86e38-878b-48e1-97a4-3cd4c28baab8" />
      <TestMethod codeBase="C:\Users\Dell - SMBS\Documents\Work\1-sistemas\EventsManagementsTests\EventsManagementsApp.Test\bin\Debug\net8.0\EventsManagementsApp.Test.dll" adapterTypeName="executor://xunit/VsTestRunner2/netcoreapp" className="EventsManagementApp.Tests.Controllers.OrganizerControllerTests" name="Delete_ExistingId_ReturnsNoContent" />
    </UnitTest>
    <UnitTest name="EventsManagementApp.Tests.Controllers.EventControllerTests.Get_WithInvalidId_ReturnsNull" storage="c:\users\dell - smbs\documents\work\1-sistemas\eventsmanagementstests\eventsmanagementsapp.test\bin\debug\net8.0\eventsmanagementsapp.test.dll" id="070bfc86-8e25-1ad5-e1ed-dabac374748f">
      <Execution id="cdc4eccc-4b0b-41e5-b6be-b329b2917327" />
      <TestMethod codeBase="C:\Users\Dell - SMBS\Documents\Work\1-sistemas\EventsManagementsTests\EventsManagementsApp.Test\bin\Debug\net8.0\EventsManagementsApp.Test.dll" adapterTypeName="executor://xunit/VsTestRunner2/netcoreapp" className="EventsManagementApp.Tests.Controllers.EventControllerTests" name="Get_WithInvalidId_ReturnsNull" />
    </UnitTest>
    <UnitTest name="EventsManagementApp.Tests.Controllers.ParticipantControllerTests.Put_WithValidIdAndParticipant_ReturnsOk" storage="c:\users\dell - smbs\documents\work\1-sistemas\eventsmanagementstests\eventsmanagementsapp.test\bin\debug\net8.0\eventsmanagementsapp.test.dll" id="531d916d-f5ec-2934-da79-e23bb4f57469">
      <Execution id="aa4a8240-da39-4d16-81b0-368f2345bd0d" />
      <TestMethod codeBase="C:\Users\Dell - SMBS\Documents\Work\1-sistemas\EventsManagementsTests\EventsManagementsApp.Test\bin\Debug\net8.0\EventsManagementsApp.Test.dll" adapterTypeName="executor://xunit/VsTestRunner2/netcoreapp" className="EventsManagementApp.Tests.Controllers.ParticipantControllerTests" name="Put_WithValidIdAndParticipant_ReturnsOk" />
    </UnitTest>
    <UnitTest name="EventsManagementApp.Tests.Controllers.EventControllerTests.Delete_WithInvalidId_StillReturnsOkResult" storage="c:\users\dell - smbs\documents\work\1-sistemas\eventsmanagementstests\eventsmanagementsapp.test\bin\debug\net8.0\eventsmanagementsapp.test.dll" id="1ab29eaa-b35a-99c9-ddcb-9cf87aa1b791">
      <Execution id="43b12c09-a0ea-41a4-ba8f-20b5c8f4fbe3" />
      <TestMethod codeBase="C:\Users\Dell - SMBS\Documents\Work\1-sistemas\EventsManagementsTests\EventsManagementsApp.Test\bin\Debug\net8.0\EventsManagementsApp.Test.dll" adapterTypeName="executor://xunit/VsTestRunner2/netcoreapp" className="EventsManagementApp.Tests.Controllers.EventControllerTests" name="Delete_WithInvalidId_StillReturnsOkResult" />
    </UnitTest>
    <UnitTest name="EventsManagementApp.Tests.Controllers.RegistrationControllerTests.GetById_ReturnsNotFound_WhenRegistrationDoesNotExist" storage="c:\users\dell - smbs\documents\work\1-sistemas\eventsmanagementstests\eventsmanagementsapp.test\bin\debug\net8.0\eventsmanagementsapp.test.dll" id="c8f0fa8c-8b67-7da8-b52f-17be69699b01">
      <Execution id="b4e80fb0-ae2e-4091-bd74-70ff64d18bbc" />
      <TestMethod codeBase="C:\Users\Dell - SMBS\Documents\Work\1-sistemas\EventsManagementsTests\EventsManagementsApp.Test\bin\Debug\net8.0\EventsManagementsApp.Test.dll" adapterTypeName="executor://xunit/VsTestRunner2/netcoreapp" className="EventsManagementApp.Tests.Controllers.RegistrationControllerTests" name="GetById_ReturnsNotFound_WhenRegistrationDoesNotExist" />
    </UnitTest>
    <UnitTest name="EventsManagementApp.Tests.Controllers.RegistrationControllerTests.Post_ReturnsOk_WhenRegistrationIsSuccessful" storage="c:\users\dell - smbs\documents\work\1-sistemas\eventsmanagementstests\eventsmanagementsapp.test\bin\debug\net8.0\eventsmanagementsapp.test.dll" id="a4f87095-1a9c-6be4-7e0c-50391fbde613">
      <Execution id="c7e34b7b-e0a9-455d-9952-27bb6074c710" />
      <TestMethod codeBase="C:\Users\Dell - SMBS\Documents\Work\1-sistemas\EventsManagementsTests\EventsManagementsApp.Test\bin\Debug\net8.0\EventsManagementsApp.Test.dll" adapterTypeName="executor://xunit/VsTestRunner2/netcoreapp" className="EventsManagementApp.Tests.Controllers.RegistrationControllerTests" name="Post_ReturnsOk_WhenRegistrationIsSuccessful" />
    </UnitTest>
    <UnitTest name="EventsManagementApp.Tests.Controllers.SponsorControllerTests.Add_ValidSponsorDto_ReturnsCreatedAtActionResult" storage="c:\users\dell - smbs\documents\work\1-sistemas\eventsmanagementstests\eventsmanagementsapp.test\bin\debug\net8.0\eventsmanagementsapp.test.dll" id="c9ebf06e-2229-6558-3f2f-f6f8d8646f1b">
      <Execution id="73694061-35ce-47f3-8477-0186d7a8aa20" />
      <TestMethod codeBase="C:\Users\Dell - SMBS\Documents\Work\1-sistemas\EventsManagementsTests\EventsManagementsApp.Test\bin\Debug\net8.0\EventsManagementsApp.Test.dll" adapterTypeName="executor://xunit/VsTestRunner2/netcoreapp" className="EventsManagementApp.Tests.Controllers.SponsorControllerTests" name="Add_ValidSponsorDto_ReturnsCreatedAtActionResult" />
    </UnitTest>
    <UnitTest name="EventsManagementApp.Tests.Controllers.RegistrationControllerTests.Put_ReturnsOk_WhenUpdateIsSuccessful" storage="c:\users\dell - smbs\documents\work\1-sistemas\eventsmanagementstests\eventsmanagementsapp.test\bin\debug\net8.0\eventsmanagementsapp.test.dll" id="420fdbde-7071-3f54-fa63-5c67af14324c">
      <Execution id="a3191193-7054-4e74-ac0a-95c0c153a3c0" />
      <TestMethod codeBase="C:\Users\Dell - SMBS\Documents\Work\1-sistemas\EventsManagementsTests\EventsManagementsApp.Test\bin\Debug\net8.0\EventsManagementsApp.Test.dll" adapterTypeName="executor://xunit/VsTestRunner2/netcoreapp" className="EventsManagementApp.Tests.Controllers.RegistrationControllerTests" name="Put_ReturnsOk_WhenUpdateIsSuccessful" />
    </UnitTest>
    <UnitTest name="EventsManagementApp.Tests.Controllers.SponsorControllerTests.GetById_ExistingId_ReturnsOkResultWithSponsor" storage="c:\users\dell - smbs\documents\work\1-sistemas\eventsmanagementstests\eventsmanagementsapp.test\bin\debug\net8.0\eventsmanagementsapp.test.dll" id="1dfa2f96-7f29-270d-088c-8dcbbbf719c1">
      <Execution id="1d021bfc-83e4-40ce-ad16-a78c1af96428" />
      <TestMethod codeBase="C:\Users\Dell - SMBS\Documents\Work\1-sistemas\EventsManagementsTests\EventsManagementsApp.Test\bin\Debug\net8.0\EventsManagementsApp.Test.dll" adapterTypeName="executor://xunit/VsTestRunner2/netcoreapp" className="EventsManagementApp.Tests.Controllers.SponsorControllerTests" name="GetById_ExistingId_ReturnsOkResultWithSponsor" />
    </UnitTest>
    <UnitTest name="EventsManagementApp.Tests.Controllers.ParticipantControllerTests.Get_ReturnsAllParticipants" storage="c:\users\dell - smbs\documents\work\1-sistemas\eventsmanagementstests\eventsmanagementsapp.test\bin\debug\net8.0\eventsmanagementsapp.test.dll" id="20a135f2-4324-091e-981f-aef8b0a36cec">
      <Execution id="90e41cad-64bd-480d-aa6d-6189725dce9b" />
      <TestMethod codeBase="C:\Users\Dell - SMBS\Documents\Work\1-sistemas\EventsManagementsTests\EventsManagementsApp.Test\bin\Debug\net8.0\EventsManagementsApp.Test.dll" adapterTypeName="executor://xunit/VsTestRunner2/netcoreapp" className="EventsManagementApp.Tests.Controllers.ParticipantControllerTests" name="Get_ReturnsAllParticipants" />
    </UnitTest>
    <UnitTest name="EventsManagementApp.Tests.Controllers.SponsorControllerTests.Delete_ExistingId_ReturnsNoContent" storage="c:\users\dell - smbs\documents\work\1-sistemas\eventsmanagementstests\eventsmanagementsapp.test\bin\debug\net8.0\eventsmanagementsapp.test.dll" id="39f071a2-27c0-2713-1118-8e5f652473eb">
      <Execution id="0dd636ec-2f93-4603-973b-8a3945b24b6c" />
      <TestMethod codeBase="C:\Users\Dell - SMBS\Documents\Work\1-sistemas\EventsManagementsTests\EventsManagementsApp.Test\bin\Debug\net8.0\EventsManagementsApp.Test.dll" adapterTypeName="executor://xunit/VsTestRunner2/netcoreapp" className="EventsManagementApp.Tests.Controllers.SponsorControllerTests" name="Delete_ExistingId_ReturnsNoContent" />
    </UnitTest>
    <UnitTest name="EventsManagementApp.Tests.Controllers.RegistrationControllerTests.Post_ReturnsBadRequest_WhenParticipantNotFound" storage="c:\users\dell - smbs\documents\work\1-sistemas\eventsmanagementstests\eventsmanagementsapp.test\bin\debug\net8.0\eventsmanagementsapp.test.dll" id="e21db6fc-2d5f-b80b-fe1e-688f46cb6283">
      <Execution id="25ee75e0-8996-4dc8-a143-b6cf9ba06cfe" />
      <TestMethod codeBase="C:\Users\Dell - SMBS\Documents\Work\1-sistemas\EventsManagementsTests\EventsManagementsApp.Test\bin\Debug\net8.0\EventsManagementsApp.Test.dll" adapterTypeName="executor://xunit/VsTestRunner2/netcoreapp" className="EventsManagementApp.Tests.Controllers.RegistrationControllerTests" name="Post_ReturnsBadRequest_WhenParticipantNotFound" />
    </UnitTest>
    <UnitTest name="EventsManagementApp.Tests.Controllers.RegistrationControllerTests.Post_ReturnsBadRequest_WhenEventNotFound" storage="c:\users\dell - smbs\documents\work\1-sistemas\eventsmanagementstests\eventsmanagementsapp.test\bin\debug\net8.0\eventsmanagementsapp.test.dll" id="af04c067-e431-0a87-cbd9-856c6e9439f8">
      <Execution id="81a81d1f-7da3-4667-9887-25aa7fae8c93" />
      <TestMethod codeBase="C:\Users\Dell - SMBS\Documents\Work\1-sistemas\EventsManagementsTests\EventsManagementsApp.Test\bin\Debug\net8.0\EventsManagementsApp.Test.dll" adapterTypeName="executor://xunit/VsTestRunner2/netcoreapp" className="EventsManagementApp.Tests.Controllers.RegistrationControllerTests" name="Post_ReturnsBadRequest_WhenEventNotFound" />
    </UnitTest>
    <UnitTest name="EventsManagementApp.Tests.Controllers.RegistrationControllerTests.Delete_ReturnsOk_WhenDeleteIsSuccessful" storage="c:\users\dell - smbs\documents\work\1-sistemas\eventsmanagementstests\eventsmanagementsapp.test\bin\debug\net8.0\eventsmanagementsapp.test.dll" id="5a99e877-579a-cf9a-387c-0cb10e35d284">
      <Execution id="8ce5ed66-0677-4106-9eb5-faa1e19d3d02" />
      <TestMethod codeBase="C:\Users\Dell - SMBS\Documents\Work\1-sistemas\EventsManagementsTests\EventsManagementsApp.Test\bin\Debug\net8.0\EventsManagementsApp.Test.dll" adapterTypeName="executor://xunit/VsTestRunner2/netcoreapp" className="EventsManagementApp.Tests.Controllers.RegistrationControllerTests" name="Delete_ReturnsOk_WhenDeleteIsSuccessful" />
    </UnitTest>
    <UnitTest name="EventsManagementApp.Tests.Controllers.EventControllerTests.Put_WithValidIdAndEventDTO_ReturnsOkResult" storage="c:\users\dell - smbs\documents\work\1-sistemas\eventsmanagementstests\eventsmanagementsapp.test\bin\debug\net8.0\eventsmanagementsapp.test.dll" id="2efd06d4-10f6-4aa9-5ca2-678a1956b560">
      <Execution id="b6db3d11-56a9-4d37-98a3-4af69725c42f" />
      <TestMethod codeBase="C:\Users\Dell - SMBS\Documents\Work\1-sistemas\EventsManagementsTests\EventsManagementsApp.Test\bin\Debug\net8.0\EventsManagementsApp.Test.dll" adapterTypeName="executor://xunit/VsTestRunner2/netcoreapp" className="EventsManagementApp.Tests.Controllers.EventControllerTests" name="Put_WithValidIdAndEventDTO_ReturnsOkResult" />
    </UnitTest>
    <UnitTest name="EventsManagementApp.Tests.Controllers.ParticipantControllerTests.Get_WithValidId_ReturnsParticipant" storage="c:\users\dell - smbs\documents\work\1-sistemas\eventsmanagementstests\eventsmanagementsapp.test\bin\debug\net8.0\eventsmanagementsapp.test.dll" id="8b00d577-fa31-e4e5-f7e4-7b8ac13b8542">
      <Execution id="186a9a04-196b-45fd-bbe4-e07bac1a6fa6" />
      <TestMethod codeBase="C:\Users\Dell - SMBS\Documents\Work\1-sistemas\EventsManagementsTests\EventsManagementsApp.Test\bin\Debug\net8.0\EventsManagementsApp.Test.dll" adapterTypeName="executor://xunit/VsTestRunner2/netcoreapp" className="EventsManagementApp.Tests.Controllers.ParticipantControllerTests" name="Get_WithValidId_ReturnsParticipant" />
    </UnitTest>
    <UnitTest name="EventsManagementApp.Tests.Controllers.SponsorControllerTests.Update_NonExistingId_CallsRepositoryButDoesNotUpdate" storage="c:\users\dell - smbs\documents\work\1-sistemas\eventsmanagementstests\eventsmanagementsapp.test\bin\debug\net8.0\eventsmanagementsapp.test.dll" id="02749eac-f79a-9458-1ab3-cd69446a914a">
      <Execution id="36be1f70-7cea-4ff4-9460-afaa2152a8c7" />
      <TestMethod codeBase="C:\Users\Dell - SMBS\Documents\Work\1-sistemas\EventsManagementsTests\EventsManagementsApp.Test\bin\Debug\net8.0\EventsManagementsApp.Test.dll" adapterTypeName="executor://xunit/VsTestRunner2/netcoreapp" className="EventsManagementApp.Tests.Controllers.SponsorControllerTests" name="Update_NonExistingId_CallsRepositoryButDoesNotUpdate" />
    </UnitTest>
    <UnitTest name="EventsManagementApp.Tests.Controllers.EventControllerTests.Get_WithValidId_ReturnsEvent" storage="c:\users\dell - smbs\documents\work\1-sistemas\eventsmanagementstests\eventsmanagementsapp.test\bin\debug\net8.0\eventsmanagementsapp.test.dll" id="d597fafd-c798-b8e0-2769-f8584cf17ac1">
      <Execution id="d1b717a4-d7a9-49a1-bdba-e32a6ca57e75" />
      <TestMethod codeBase="C:\Users\Dell - SMBS\Documents\Work\1-sistemas\EventsManagementsTests\EventsManagementsApp.Test\bin\Debug\net8.0\EventsManagementsApp.Test.dll" adapterTypeName="executor://xunit/VsTestRunner2/netcoreapp" className="EventsManagementApp.Tests.Controllers.EventControllerTests" name="Get_WithValidId_ReturnsEvent" />
    </UnitTest>
    <UnitTest name="EventsManagementApp.Tests.Controllers.OrganizerControllerTests.GetById_NonExistingId_ReturnsNotFound" storage="c:\users\dell - smbs\documents\work\1-sistemas\eventsmanagementstests\eventsmanagementsapp.test\bin\debug\net8.0\eventsmanagementsapp.test.dll" id="871e76e0-e31e-0e71-0f7e-8a830d9cd6f7">
      <Execution id="169ead0f-26ed-4fdd-b894-df156c26c403" />
      <TestMethod codeBase="C:\Users\Dell - SMBS\Documents\Work\1-sistemas\EventsManagementsTests\EventsManagementsApp.Test\bin\Debug\net8.0\EventsManagementsApp.Test.dll" adapterTypeName="executor://xunit/VsTestRunner2/netcoreapp" className="EventsManagementApp.Tests.Controllers.OrganizerControllerTests" name="GetById_NonExistingId_ReturnsNotFound" />
    </UnitTest>
    <UnitTest name="EventsManagementApp.Tests.Controllers.OrganizerControllerTests.Update_ExistingId_ReturnsNoContent" storage="c:\users\dell - smbs\documents\work\1-sistemas\eventsmanagementstests\eventsmanagementsapp.test\bin\debug\net8.0\eventsmanagementsapp.test.dll" id="8298caa1-8aa1-727e-2766-5f39f15fc8d8">
      <Execution id="68b4a207-404a-4be0-a970-172482a86aa5" />
      <TestMethod codeBase="C:\Users\Dell - SMBS\Documents\Work\1-sistemas\EventsManagementsTests\EventsManagementsApp.Test\bin\Debug\net8.0\EventsManagementsApp.Test.dll" adapterTypeName="executor://xunit/VsTestRunner2/netcoreapp" className="EventsManagementApp.Tests.Controllers.OrganizerControllerTests" name="Update_ExistingId_ReturnsNoContent" />
    </UnitTest>
    <UnitTest name="EventsManagementApp.Tests.Controllers.OrganizerControllerTests.Add_ValidOrganizerDto_ReturnsCreatedAtActionResult" storage="c:\users\dell - smbs\documents\work\1-sistemas\eventsmanagementstests\eventsmanagementsapp.test\bin\debug\net8.0\eventsmanagementsapp.test.dll" id="b81298cb-b205-3dde-e7fa-9f66031bd1b0">
      <Execution id="f539da32-df4f-4615-a843-0a3dfdd8a9c4" />
      <TestMethod codeBase="C:\Users\Dell - SMBS\Documents\Work\1-sistemas\EventsManagementsTests\EventsManagementsApp.Test\bin\Debug\net8.0\EventsManagementsApp.Test.dll" adapterTypeName="executor://xunit/VsTestRunner2/netcoreapp" className="EventsManagementApp.Tests.Controllers.OrganizerControllerTests" name="Add_ValidOrganizerDto_ReturnsCreatedAtActionResult" />
    </UnitTest>
    <UnitTest name="EventsManagementApp.Tests.Controllers.OrganizerControllerTests.GetById_ExistingId_ReturnsOkResultWithOrganizer" storage="c:\users\dell - smbs\documents\work\1-sistemas\eventsmanagementstests\eventsmanagementsapp.test\bin\debug\net8.0\eventsmanagementsapp.test.dll" id="68fc4bed-e2a9-48da-0607-4d4ac0ed0232">
      <Execution id="67a793a4-ccfe-46a5-8760-c808c15c29fd" />
      <TestMethod codeBase="C:\Users\Dell - SMBS\Documents\Work\1-sistemas\EventsManagementsTests\EventsManagementsApp.Test\bin\Debug\net8.0\EventsManagementsApp.Test.dll" adapterTypeName="executor://xunit/VsTestRunner2/netcoreapp" className="EventsManagementApp.Tests.Controllers.OrganizerControllerTests" name="GetById_ExistingId_ReturnsOkResultWithOrganizer" />
    </UnitTest>
    <UnitTest name="EventsManagementApp.Tests.Controllers.RegistrationControllerTests.Post_ReturnsBadRequest_WhenEventIsFull" storage="c:\users\dell - smbs\documents\work\1-sistemas\eventsmanagementstests\eventsmanagementsapp.test\bin\debug\net8.0\eventsmanagementsapp.test.dll" id="52444991-151a-99d9-89c0-bb8aadc2e204">
      <Execution id="1089f213-fb80-43cf-a4cd-65074b13f4f1" />
      <TestMethod codeBase="C:\Users\Dell - SMBS\Documents\Work\1-sistemas\EventsManagementsTests\EventsManagementsApp.Test\bin\Debug\net8.0\EventsManagementsApp.Test.dll" adapterTypeName="executor://xunit/VsTestRunner2/netcoreapp" className="EventsManagementApp.Tests.Controllers.RegistrationControllerTests" name="Post_ReturnsBadRequest_WhenEventIsFull" />
    </UnitTest>
  </TestDefinitions>
  <TestEntries>
    <TestEntry testId="8298caa1-8aa1-727e-2766-5f39f15fc8d8" executionId="68b4a207-404a-4be0-a970-172482a86aa5" testListId="8c84fa94-04c1-424b-9868-57a2d4851a1d" />
    <TestEntry testId="c9ebf06e-2229-6558-3f2f-f6f8d8646f1b" executionId="73694061-35ce-47f3-8477-0186d7a8aa20" testListId="8c84fa94-04c1-424b-9868-57a2d4851a1d" />
    <TestEntry testId="5a99e877-579a-cf9a-387c-0cb10e35d284" executionId="8ce5ed66-0677-4106-9eb5-faa1e19d3d02" testListId="8c84fa94-04c1-424b-9868-57a2d4851a1d" />
    <TestEntry testId="399ec6fa-f1f8-3b41-2397-2b064c701cec" executionId="d46a8391-d71a-4e41-8a70-7b22ac9481c7" testListId="8c84fa94-04c1-424b-9868-57a2d4851a1d" />
    <TestEntry testId="7a3aa101-2933-cabc-9dcc-e1fca5e58a30" executionId="f69d7ead-1de0-477c-9a69-56cd32fa04eb" testListId="8c84fa94-04c1-424b-9868-57a2d4851a1d" />
    <TestEntry testId="71138d34-e1c6-b6ff-bb2d-ebf0705a8816" executionId="5d7d2a40-fc76-4d38-9e9c-a5eb500ed082" testListId="8c84fa94-04c1-424b-9868-57a2d4851a1d" />
    <TestEntry testId="af04c067-e431-0a87-cbd9-856c6e9439f8" executionId="81a81d1f-7da3-4667-9887-25aa7fae8c93" testListId="8c84fa94-04c1-424b-9868-57a2d4851a1d" />
    <TestEntry testId="02749eac-f79a-9458-1ab3-cd69446a914a" executionId="36be1f70-7cea-4ff4-9460-afaa2152a8c7" testListId="8c84fa94-04c1-424b-9868-57a2d4851a1d" />
    <TestEntry testId="070bfc86-8e25-1ad5-e1ed-dabac374748f" executionId="cdc4eccc-4b0b-41e5-b6be-b329b2917327" testListId="8c84fa94-04c1-424b-9868-57a2d4851a1d" />
    <TestEntry testId="336cd36f-b357-bcf6-e95f-17b7bd9b5466" executionId="2be72a13-1928-43e9-a331-a17921a23161" testListId="8c84fa94-04c1-424b-9868-57a2d4851a1d" />
    <TestEntry testId="bf2342dc-ebdb-dfe4-1136-77781d335c3c" executionId="32efe96b-441e-40a5-92e9-eee80f8e5342" testListId="8c84fa94-04c1-424b-9868-57a2d4851a1d" />
    <TestEntry testId="68fc4bed-e2a9-48da-0607-4d4ac0ed0232" executionId="67a793a4-ccfe-46a5-8760-c808c15c29fd" testListId="8c84fa94-04c1-424b-9868-57a2d4851a1d" />
    <TestEntry testId="c8f0fa8c-8b67-7da8-b52f-17be69699b01" executionId="b4e80fb0-ae2e-4091-bd74-70ff64d18bbc" testListId="8c84fa94-04c1-424b-9868-57a2d4851a1d" />
    <TestEntry testId="8b00d577-fa31-e4e5-f7e4-7b8ac13b8542" executionId="186a9a04-196b-45fd-bbe4-e07bac1a6fa6" testListId="8c84fa94-04c1-424b-9868-57a2d4851a1d" />
    <TestEntry testId="be33d259-e7f8-e0cb-f5b0-a00d320e3e76" executionId="64c232a7-651e-4320-8c02-6eda5b410742" testListId="8c84fa94-04c1-424b-9868-57a2d4851a1d" />
    <TestEntry testId="45f34452-5148-a236-a62d-722b8900985d" executionId="a9584299-47e8-488e-bcf9-ee00663189e2" testListId="8c84fa94-04c1-424b-9868-57a2d4851a1d" />
    <TestEntry testId="420fdbde-7071-3f54-fa63-5c67af14324c" executionId="a3191193-7054-4e74-ac0a-95c0c153a3c0" testListId="8c84fa94-04c1-424b-9868-57a2d4851a1d" />
    <TestEntry testId="bd0def7d-0888-421e-e7ba-f528c8be04e1" executionId="5fa3d186-b680-45c7-a23c-15f3a4facb66" testListId="8c84fa94-04c1-424b-9868-57a2d4851a1d" />
    <TestEntry testId="c4e4369e-20dc-0c6f-1237-c1ef80a84515" executionId="12a688b2-9c0c-49cf-b879-535ff6e2d609" testListId="8c84fa94-04c1-424b-9868-57a2d4851a1d" />
    <TestEntry testId="8dbfa0d7-73ba-a0d4-8db4-bd05fdd9cb88" executionId="dbd86e38-878b-48e1-97a4-3cd4c28baab8" testListId="8c84fa94-04c1-424b-9868-57a2d4851a1d" />
    <TestEntry testId="2efd06d4-10f6-4aa9-5ca2-678a1956b560" executionId="b6db3d11-56a9-4d37-98a3-4af69725c42f" testListId="8c84fa94-04c1-424b-9868-57a2d4851a1d" />
    <TestEntry testId="52444991-151a-99d9-89c0-bb8aadc2e204" executionId="1089f213-fb80-43cf-a4cd-65074b13f4f1" testListId="8c84fa94-04c1-424b-9868-57a2d4851a1d" />
    <TestEntry testId="4da1a2a1-3897-4dc7-4d7b-e5e03eca8d35" executionId="ae16875a-f187-44e7-9a8f-d09edacd175c" testListId="8c84fa94-04c1-424b-9868-57a2d4851a1d" />
    <TestEntry testId="20a135f2-4324-091e-981f-aef8b0a36cec" executionId="90e41cad-64bd-480d-aa6d-6189725dce9b" testListId="8c84fa94-04c1-424b-9868-57a2d4851a1d" />
    <TestEntry testId="e21db6fc-2d5f-b80b-fe1e-688f46cb6283" executionId="25ee75e0-8996-4dc8-a143-b6cf9ba06cfe" testListId="8c84fa94-04c1-424b-9868-57a2d4851a1d" />
    <TestEntry testId="b81298cb-b205-3dde-e7fa-9f66031bd1b0" executionId="f539da32-df4f-4615-a843-0a3dfdd8a9c4" testListId="8c84fa94-04c1-424b-9868-57a2d4851a1d" />
    <TestEntry testId="f0c24436-4745-4eb9-f3c0-b8ae845e5e9a" executionId="f226c997-9a33-4243-9a98-18515645f592" testListId="8c84fa94-04c1-424b-9868-57a2d4851a1d" />
    <TestEntry testId="39f071a2-27c0-2713-1118-8e5f652473eb" executionId="0dd636ec-2f93-4603-973b-8a3945b24b6c" testListId="8c84fa94-04c1-424b-9868-57a2d4851a1d" />
    <TestEntry testId="a4f87095-1a9c-6be4-7e0c-50391fbde613" executionId="c7e34b7b-e0a9-455d-9952-27bb6074c710" testListId="8c84fa94-04c1-424b-9868-57a2d4851a1d" />
    <TestEntry testId="871e76e0-e31e-0e71-0f7e-8a830d9cd6f7" executionId="169ead0f-26ed-4fdd-b894-df156c26c403" testListId="8c84fa94-04c1-424b-9868-57a2d4851a1d" />
    <TestEntry testId="d597fafd-c798-b8e0-2769-f8584cf17ac1" executionId="d1b717a4-d7a9-49a1-bdba-e32a6ca57e75" testListId="8c84fa94-04c1-424b-9868-57a2d4851a1d" />
    <TestEntry testId="1dfa2f96-7f29-270d-088c-8dcbbbf719c1" executionId="1d021bfc-83e4-40ce-ad16-a78c1af96428" testListId="8c84fa94-04c1-424b-9868-57a2d4851a1d" />
    <TestEntry testId="0fd77f3b-2b6d-49e0-ec3b-dcd023d89d82" executionId="8a3c5330-20d8-43ff-b48a-9f53046ac3b0" testListId="8c84fa94-04c1-424b-9868-57a2d4851a1d" />
    <TestEntry testId="531d916d-f5ec-2934-da79-e23bb4f57469" executionId="aa4a8240-da39-4d16-81b0-368f2345bd0d" testListId="8c84fa94-04c1-424b-9868-57a2d4851a1d" />
    <TestEntry testId="1823ed81-80ad-d829-3724-846c00163d44" executionId="b9fa7cd6-e7c4-4572-a35e-e28ef9fc746d" testListId="8c84fa94-04c1-424b-9868-57a2d4851a1d" />
    <TestEntry testId="1ab29eaa-b35a-99c9-ddcb-9cf87aa1b791" executionId="43b12c09-a0ea-41a4-ba8f-20b5c8f4fbe3" testListId="8c84fa94-04c1-424b-9868-57a2d4851a1d" />
    <TestEntry testId="3ba0db66-7aa2-0c62-2933-0e28522b3eb3" executionId="808484a0-adf6-4aa9-b825-d11552784168" testListId="8c84fa94-04c1-424b-9868-57a2d4851a1d" />
    <TestEntry testId="e65d17ae-97fe-61e3-5e2b-0a1a0bac20a1" executionId="7b713bb0-fdf7-491b-9a52-2cb3b01b7700" testListId="8c84fa94-04c1-424b-9868-57a2d4851a1d" />
  </TestEntries>
  <TestLists>
    <TestList name="Resultados sin formato de lista" id="8c84fa94-04c1-424b-9868-57a2d4851a1d" />
    <TestList name="Todos los resultados cargados" id="19431567-8539-422a-85d7-44ee4e166bda" />
  </TestLists>
  <ResultSummary outcome="Completed">
    <Counters total="38" executed="38" passed="38" failed="0" error="0" timeout="0" aborted="0" inconclusive="0" passedButRunAborted="0" notRunnable="0" notExecuted="0" disconnected="0" warning="0" completed="0" inProgress="0" pending="0" />
    <Output>
      <StdOut>[xUnit.net 00:00:00.00] xUnit.net VSTest Adapter v2.5.3.1+6b60a9e56a (64-bit .NET 8.0.13)&#xD;
[xUnit.net 00:00:00.31]   Discovering: EventsManagementsApp.Test&#xD;
[xUnit.net 00:00:00.40]   Discovered:  EventsManagementsApp.Test&#xD;
[xUnit.net 00:00:00.41]   Starting:    EventsManagementsApp.Test&#xD;
[xUnit.net 00:00:00.90]   Finished:    EventsManagementsApp.Test&#xD;
</StdOut>
    </Output>
    <CollectorDataEntries>
      <Collector agentName="DESKTOP-MC1TQ5U" uri="datacollector://microsoft/CodeCoverage/2.0" collectorDisplayName="Code Coverage">
        <UriAttachments>
          <UriAttachment>
            <A href="DESKTOP-MC1TQ5U\Dell - SMBS_DESKTOP-MC1TQ5U_2025-05-22.11_24_50.coverage"></A>
          </UriAttachment>
        </UriAttachments>
      </Collector>
    </CollectorDataEntries>
  </ResultSummary>
</TestRun>